// Jest Snapshot v1, https://goo.gl/fbAQLP

exports[`should render 1`] = `
<a
  className="button is-primary"
  onClick={[Function]}
>
  Log out
</a>
`;
