// Jest Snapshot v1, https://goo.gl/fbAQLP

exports[`<Title /> should render 1`] = `
<h1
  className="title is-1"
>
  wen
</h1>
`;
