// Jest Snapshot v1, https://goo.gl/fbAQLP

exports[`should query user by email 1`] = `
Object {
  "id": 1,
  "plain": Object {
    "id": 1,
    "text": "Well done is better than well said. Benjamin Franklin",
  },
  "text": "Well done is better than well said. Benjamin Franklin",
}
`;
