// Jest Snapshot v1, https://goo.gl/fbAQLP

exports[`isMenuOpenSelector should get isOpen from state 1`] = `"is open"`;
