// Jest Snapshot v1, https://goo.gl/fbAQLP

exports[`should generate token and verify it 1`] = `"eyJhbGciOiJIUzI1NiJ9.MDQzMmQ5ODU1Zjdk.KiAacE8kqxVSecWzuwDeLLp9EB0z19VrZiIuI7_iiQ0"`;

exports[`should generate token and verify it 2`] = `"data"`;
