// Jest Snapshot v1, https://goo.gl/fbAQLP

exports[`getById should get user by id 1`] = `
Object {
  "email": "js@mail.com",
  "firstName": "John",
  "id": 1,
  "lastName": "Smith",
}
`;
