// Jest Snapshot v1, https://goo.gl/fbAQLP

exports[`should render 1`] = `
<a
  className="fa fa-times note__delete"
  onClick={[Function]}
/>
`;
