// Jest Snapshot v1, https://goo.gl/fbAQLP

exports[`propsMapper should map props correctly 1`] = `
Object {
  "loading": "loading",
  "notes": "notes",
}
`;
