// Jest Snapshot v1, https://goo.gl/fbAQLP

exports[`should render 1`] = `
<div
  className="container"
>
  <div
    className="content"
  >
    <h2>
      Touch And Drag
    </h2>
  </div>
  <Import
    load={Promise {}}
  />
</div>
`;
