// Jest Snapshot v1, https://goo.gl/fbAQLP

exports[`should render 1`] = `
<div
  className="container"
>
  <div
    className="content"
  >
    <h2>
      Add New Note
    </h2>
  </div>
  <Connect(Apollo(lifecycle(mapProps(Notes)))) />
  <Connect(ReduxForm) />
</div>
`;
