// Jest Snapshot v1, https://goo.gl/fbAQLP

exports[`should map state to props correctly 1`] = `
Object {
  "isOpen": "isOpen",
}
`;
