// Jest Snapshot v1, https://goo.gl/fbAQLP

exports[`<Aside /> should render 1`] = `
<div
  className="column is-8 is-hidden-mobile hero-banner"
>
  <section
    className="hero is-fullheight is-dark"
  >
    <div
      className="hero-body"
    />
    <div
      className="hero-foot"
    >
      <div
        className="has-text-right"
      >
        <h1
          className="title is-2"
        >
          The secret of getting ahead is getting started.
        </h1>
        <br />
        <p
          className="title is-4"
        >
          Mark Twain
        </p>
      </div>
      <p
        className="has-text-centered"
      >
        Image Â© Erik Heddema via unsplash
      </p>
    </div>
  </section>
</div>
`;
