// Jest Snapshot v1, https://goo.gl/fbAQLP

exports[`should render 1`] = `
<div
  className="container"
>
  <NavLogo />
  <Connect(NavToggle) />
  <withRouter(Connect(NavBar)) />
</div>
`;
