// Jest Snapshot v1, https://goo.gl/fbAQLP

exports[`propsMapper should map add note mutation 1`] = `
Object {
  "addNote": [Function],
}
`;
