// Jest Snapshot v1, https://goo.gl/fbAQLP

exports[`should have proper form 1`] = `
Object {
  "form": "noteForm",
  "initialValues": Object {
    "textField": "",
  },
}
`;
