// Jest Snapshot v1, https://goo.gl/fbAQLP

exports[`should render 1`] = `
<div
  className="card graph"
>
  <Sizer>
    <Lattice
      height={0}
      width={0}
    />
  </Sizer>
</div>
`;
